{
  lets: [
    {
      ident: `$foo` @ 5..9,
      expr: constant {
        value: int64 42,
        source: 12..14
      },
      id: 1
    },
    {
      ident: `$bar` @ 19..23,
      expr: function_call {
        fn: {
          path: [
            `now` @ 26..29
          ],
          ref: std::now/fn
        },
        args: [
          
        ],
        rpar: 30..31,
        method: false
      },
      id: 2
    }
  ],
  operators: [
    
  ]
}